console:


Using username "root1".
Welcome to Ubuntu 17.04 (GNU/Linux 4.10.0-30-generic x86_64)

 * Documentation:  https://help.ubuntu.com
 * Management:     https://landscape.canonical.com
 * Support:        https://ubuntu.com/advantage

 * Ubuntu 16.10 will reach end of life on Thursday, July 20, 2017
   How to upgrade from 16.10 to 17.04:
   - https://ubu.one/upgY2Z

259 packages can be updated.
142 updates are security updates.

New release '17.10' available.
Run 'do-release-upgrade' to upgrade to it.

Last login: Fri Dec  8 11:26:00 2017 from 192.168.1.58
root1@root1-VirtualBox:~$ ps -ef|grep oracle-java8-installer
root1     7423  7409  0 11:45 pts/2    00:00:00 grep --color=auto oracle-java8-installer
root1@root1-VirtualBox:~$ ps -ef|grep oracle-java8-installer
root1     7425  7409  0 11:45 pts/2    00:00:00 grep --color=auto oracle-java8-installer
root1@root1-VirtualBox:~$ java -version
The program 'java' can be found in the following packages:
 * default-jre
 * openjdk-8-jre-headless
 * gcj-4.8-jre-headless
 * gcj-4.9-jre-headless
 * gcj-5-jre-headless
 * gcj-6-jre-headless
 * openjdk-9-jre-headless
Try: sudo apt install <selected package>
root1@root1-VirtualBox:~$ ls
Desktop  Documents  Downloads  examples.desktop  jdk-8u151-linux-x64.tar.gz  Music  Pictures  Public  Templates  Videos
root1@root1-VirtualBox:~$ tar -xzf jdk-8u151-linux-x64.tar.gz
root1@root1-VirtualBox:~$ cd jdk-8u151-linux-x64
-bash: cd: jdk-8u151-linux-x64: No such file or directory
root1@root1-VirtualBox:~$ ls
Desktop  Documents  Downloads  examples.desktop  jdk1.8.0_151  jdk-8u151-linux-x64.tar.gz  Music  Pictures  Public  Templates  Videos
root1@root1-VirtualBox:~$ cd jdk1.8.0_151
root1@root1-VirtualBox:~/jdk1.8.0_151$ ls
bin  COPYRIGHT  db  include  javafx-src.zip  jre  lib  LICENSE  man  README.html  release  src.zip  THIRDPARTYLICENSEREADME-JAVAFX.txt  THIRDPARTYLICENSEREADME.txt
root1@root1-VirtualBox:~/jdk1.8.0_151$ ./configure
-bash: ./configure: No such file or directory
root1@root1-VirtualBox:~/jdk1.8.0_151$ pwd
/home/root1/jdk1.8.0_151
root1@root1-VirtualBox:~/jdk1.8.0_151$ sudo update-alternatives --install /usr/bin/java java /home/root1/jdk1.8.0_151/bin/java 100
[sudo] password for root1:
update-alternatives: using /home/root1/jdk1.8.0_151/bin/java to provide /usr/bin/java (java) in auto mode
root1@root1-VirtualBox:~/jdk1.8.0_151$ sudo update-alternatives --install /usr/bin/javac java /home/root1/jdk1.8.0_151/bin/javac 100
update-alternatives: renaming java link from /usr/bin/java to /usr/bin/javac
root1@root1-VirtualBox:~/jdk1.8.0_151$ cd ..
root1@root1-VirtualBox:~$ ls
Desktop  Documents  Downloads  examples.desktop  jdk1.8.0_151  jdk-8u151-linux-x64.tar.gz  Music  Pictures  Public  Templates  Videos
root1@root1-VirtualBox:~$ java -version
The program 'java' can be found in the following packages:
 * default-jre
 * openjdk-8-jre-headless
 * gcj-4.8-jre-headless
 * gcj-4.9-jre-headless
 * gcj-5-jre-headless
 * gcj-6-jre-headless
 * openjdk-9-jre-headless
Try: sudo apt install <selected package>
root1@root1-VirtualBox:~$ update-alternatives --display java
java - auto mode
  link best version is /home/root1/jdk1.8.0_151/bin/java
  link currently points to /home/root1/jdk1.8.0_151/bin/java
  link java is /usr/bin/javac
/home/root1/jdk1.8.0_151/bin/java - priority 100
/home/root1/jdk1.8.0_151/bin/javac - priority 100
root1@root1-VirtualBox:~$ sudo update-alternatives --install /usr/bin/java java /home/root1/jdk1.8.0_151/bin/java 100
update-alternatives: renaming java link from /usr/bin/javac to /usr/bin/java
root1@root1-VirtualBox:~$ sudo update-alternatives --install /usr/bin/javac javac /home/root1/jdk1.8.0_151/bin/javac 100
update-alternatives: using /home/root1/jdk1.8.0_151/bin/javac to provide /usr/bin/javac (javac) in auto mode
root1@root1-VirtualBox:~$ update-alternatives --display java
java - auto mode
  link best version is /home/root1/jdk1.8.0_151/bin/java
  link currently points to /home/root1/jdk1.8.0_151/bin/java
  link java is /usr/bin/java
/home/root1/jdk1.8.0_151/bin/java - priority 100
/home/root1/jdk1.8.0_151/bin/javac - priority 100
root1@root1-VirtualBox:~$ java -version
java version "1.8.0_151"
Java(TM) SE Runtime Environment (build 1.8.0_151-b12)
Java HotSpot(TM) 64-Bit Server VM (build 25.151-b12, mixed mode)
root1@root1-VirtualBox:~$












https://www.digitalocean.com/community/tutorials/how-to-manually-install-oracle-java-on-a-debian-or-ubuntu-vps

Downloading Oracle Java JDK
Using your web browser, go to the Oracle Java SE (Standard Edition) website and decide which version you want to install:

JDK: Java Development Kit. Includes a complete JRE plus tools for developing, debugging, and monitoring Java applications.
Server JRE: Java Runtime Environment. For deploying Java applications on servers. Includes tools for JVM monitoring and tools commonly required for server applications.
In this tutorial we will be installing the JDK Java SE Development Kit 8 x64 bits. Accept the license and copy the download link into your clipboard. Remember to choose the right tar.gz (64 or 32 bits). Use wget to download the archive into your server:

    wget --header "Cookie: oraclelicense=accept-securebackup-cookie" http://download.oracle.com/otn-pub/java/jdk/8u5-b13/jdk-8u5-linux-x64.tar.gz
Oracle does not allow downloads without accepting their license, therefore we needed to modify the header of our request. Alternatively, you can just download the compressed file using your browser and manually upload it using a SFTP/FTP client.

Always get the latest version from Oracle's website and modify the commands from this tutorial accordingly to your downloaded file.

Installing Oracle JDK
In this section, you will need sudo privileges:

    sudo su
The /opt directory is reserved for all the software and add-on packages that are not part of the default installation. Create a directory for your JDK installation:

    mkdir /opt/jdk
and extract java into the /opt/jdk directory:

    tar -zxf jdk-8u5-linux-x64.tar.gz -C /opt/jdk
Verify that the file has been extracted into the /opt/jdk directory.

    ls /opt/jdk
Setting Oracle JDK as the default JVM
In our case, the java executable is located under /opt/jdk/jdk1.8.0_05/bin/java . To set it as the default JVM in your machine run:

    update-alternatives --install /usr/bin/java java /opt/jdk/jdk1.8.0_05/bin/java 100
and

    update-alternatives --install /usr/bin/javac javac /opt/jdk/jdk1.8.0_05/bin/javac 100
Verify your installation
Verify that java has been successfully configured by running:

    update-alternatives --display java
and

    update-alternatives --display javac
The output should look like this:

    java - auto mode
    link currently points to /opt/jdk/jdk1.8.0_05/bin/java
    /opt/jdk/jdk1.8.0_05/bin/java - priority 100
    Current 'best' version is '/opt/jdk/jdk1.8.0_05/bin/java'.

    javac - auto mode
    link currently points to /opt/jdk/jdk1.8.0_05/bin/javac
    /opt/jdk/jdk1.8.0_05/bin/javac - priority 100
    Current 'best' version is '/opt/jdk/jdk1.8.0_05/bin/javac'.
Another easy way to check your installation is:

    java -version
The output should look like this:

    java version "1.8.0_05"
    Java(TM) SE Runtime Environment (build 1.8.0_05-b13)
    Java HotSpot(TM) 64-Bit Server VM (build 25.5-b02, mixed mode)
(Optional) Updating Java
To update Java, simply download an updated version from Oracle's website and extract it under the /opt/jdk directory, then set it up as the default JVM with a higher priority number (in this case 110):

    update-alternatives --install /usr/bin/java java /opt/jdk/jdk.new.version/bin/java 110
    update-alternatives --install /usr/bin/javac javac /opt/jdk/jdk.new.version/bin/javac 110
You can keep the old version or delete it:

    update-alternatives --remove java /opt/jdk/jdk.old.version/bin/java
    update-alternatives --remove javac /opt/jdk/jdk.old.version/bin/javac

    rm -rf /opt/jdk/jdk.old.version
The installation procedure documented above is confirmed to work on a Debian server, but can also be applied to an Ubuntu server. If you encounter any problem after following all the steps, please post a comment below.