Using username "root".
Last login: Mon Jun 12 20:48:39 2017 from rrcs-76-79-234-181.west.biz.rr.com
[root@ip-172-31-10-180 ~]# sudo yum install -y php70 php70-mysqlnd
Loaded plugins: amazon-id, rhui-lb, search-disabled-repos
webtatic                                                                                                                                                                                                              | 3.6 kB  00:00:00
(1/2): webtatic/x86_64/group_gz                                                                                                                                                                                       |  448 B  00:00:01
(2/2): webtatic/x86_64/primary_db                                                                                                                                                                                     | 182 kB  00:00:01
No package php70 available.
No package php70-mysqlnd available.
Error: Nothing to do
[root@ip-172-31-10-180 ~]# sudo yum install -y php70 php70-mysqlnd
Loaded plugins: amazon-id, rhui-lb, search-disabled-repos
No package php70 available.
No package php70-mysqlnd available.
Error: Nothing to do
[root@ip-172-31-10-180 ~]# service stop httpd
The service command supports only basic LSB actions (start, stop, restart, try-restart, reload, force-reload, status). For other actions, please try to use systemctl.
[root@ip-172-31-10-180 ~]# sudo service httpd stop
Redirecting to /bin/systemctl stop  httpd.service
[root@ip-172-31-10-180 ~]# sudo yum remove -y httpd php php-mysql
Loaded plugins: amazon-id, rhui-lb, search-disabled-repos
Resolving Dependencies
--> Running transaction check
---> Package httpd.x86_64 0:2.4.6-45.el7_3.4 will be erased
---> Package php.x86_64 0:5.4.16-42.el7 will be erased
---> Package php-mysql.x86_64 0:5.4.16-42.el7 will be erased
--> Finished Dependency Resolution

Dependencies Resolved

=============================================================================================================================================================================================================================================
 Package                                           Arch                                           Version                                                    Repository                                                                 Size
=============================================================================================================================================================================================================================================
Removing:
 httpd                                             x86_64                                         2.4.6-45.el7_3.4                                           @rhui-REGION-rhel-server-releases                                         3.7 M
 php                                               x86_64                                         5.4.16-42.el7                                              @rhui-REGION-rhel-server-releases                                         4.4 M
 php-mysql                                         x86_64                                         5.4.16-42.el7                                              @rhui-REGION-rhel-server-releases                                         232 k

Transaction Summary
=============================================================================================================================================================================================================================================
Remove  3 Packages

Installed size: 8.3 M
Downloading packages:
Running transaction check
Running transaction test
Transaction test succeeded
Running transaction
Warning: RPMDB altered outside of yum.
  Erasing    : php-5.4.16-42.el7.x86_64                                                                                                                                                                                                  1/3
  Erasing    : httpd-2.4.6-45.el7_3.4.x86_64                                                                                                                                                                                             2/3
warning: /etc/httpd/conf/httpd.conf saved as /etc/httpd/conf/httpd.conf.rpmsave
  Erasing    : php-mysql-5.4.16-42.el7.x86_64                                                                                                                                                                                            3/3
  Verifying  : php-mysql-5.4.16-42.el7.x86_64                                                                                                                                                                                            1/3
  Verifying  : php-5.4.16-42.el7.x86_64                                                                                                                                                                                                  2/3
  Verifying  : httpd-2.4.6-45.el7_3.4.x86_64                                                                                                                                                                                             3/3

Removed:
  httpd.x86_64 0:2.4.6-45.el7_3.4                                                 php.x86_64 0:5.4.16-42.el7                                                 php-mysql.x86_64 0:5.4.16-42.el7

Complete!
[root@ip-172-31-10-180 ~]# sudo service httpd start
Redirecting to /bin/systemctl start  httpd.service
Failed to start httpd.service: Unit not found.
[root@ip-172-31-10-180 ~]# sudo yum install -y httpd php70w php70w-opcache
Loaded plugins: amazon-id, rhui-lb, search-disabled-repos
Resolving Dependencies
--> Running transaction check
---> Package httpd.x86_64 0:2.4.6-45.el7_3.4 will be installed
---> Package php70w.x86_64 0:7.0.19-1.w7 will be installed
--> Processing Dependency: php70w-common(x86-64) = 7.0.19-1.w7 for package: php70w-7.0.19-1.w7.x86_64
--> Processing Dependency: php70w-cli(x86-64) = 7.0.19-1.w7 for package: php70w-7.0.19-1.w7.x86_64
--> Processing Dependency: php70w-cli = 7.0.19-1.w7 for package: php70w-7.0.19-1.w7.x86_64
---> Package php70w-opcache.x86_64 0:7.0.19-1.w7 will be installed
--> Running transaction check
---> Package php70w-cli.x86_64 0:7.0.19-1.w7 will be installed
---> Package php70w-common.x86_64 0:7.0.19-1.w7 will be installed
--> Processing Conflict: php70w-common-7.0.19-1.w7.x86_64 conflicts php-common < 7.0
--> Finished Dependency Resolution
Error: php70w-common conflicts with php-common-5.4.16-42.el7.x86_64
 You could try using --skip-broken to work around the problem
 You could try running: rpm -Va --nofiles --nodigest
[root@ip-172-31-10-180 ~]# sudo yum remove -y php-common
Loaded plugins: amazon-id, rhui-lb, search-disabled-repos
Resolving Dependencies
--> Running transaction check
---> Package php-common.x86_64 0:5.4.16-42.el7 will be erased
--> Processing Dependency: php-common(x86-64) = 5.4.16-42.el7 for package: php-pdo-5.4.16-42.el7.x86_64
--> Processing Dependency: php-common(x86-64) = 5.4.16-42.el7 for package: php-cli-5.4.16-42.el7.x86_64
--> Running transaction check
---> Package php-cli.x86_64 0:5.4.16-42.el7 will be erased
---> Package php-pdo.x86_64 0:5.4.16-42.el7 will be erased
--> Finished Dependency Resolution

Dependencies Resolved

=============================================================================================================================================================================================================================================
 Package                                             Arch                                            Version                                                Repository                                                                  Size
=============================================================================================================================================================================================================================================
Removing:
 php-common                                          x86_64                                          5.4.16-42.el7                                          @rhui-REGION-rhel-server-releases                                          3.8 M
Removing for dependencies:
 php-cli                                             x86_64                                          5.4.16-42.el7                                          @rhui-REGION-rhel-server-releases                                          8.8 M
 php-pdo                                             x86_64                                          5.4.16-42.el7                                          @rhui-REGION-rhel-server-releases                                          192 k

Transaction Summary
=============================================================================================================================================================================================================================================
Remove  1 Package (+2 Dependent packages)

Installed size: 13 M
Downloading packages:
Running transaction check
Running transaction test
Transaction test succeeded
Running transaction
  Erasing    : php-cli-5.4.16-42.el7.x86_64                                                                                                                                                                                              1/3
  Erasing    : php-pdo-5.4.16-42.el7.x86_64                                                                                                                                                                                              2/3
  Erasing    : php-common-5.4.16-42.el7.x86_64                                                                                                                                                                                           3/3
  Verifying  : php-pdo-5.4.16-42.el7.x86_64                                                                                                                                                                                              1/3
  Verifying  : php-common-5.4.16-42.el7.x86_64                                                                                                                                                                                           2/3
  Verifying  : php-cli-5.4.16-42.el7.x86_64                                                                                                                                                                                              3/3

Removed:
  php-common.x86_64 0:5.4.16-42.el7

Dependency Removed:
  php-cli.x86_64 0:5.4.16-42.el7                                                                                        php-pdo.x86_64 0:5.4.16-42.el7

Complete!
[root@ip-172-31-10-180 ~]# sudo yum install -y httpd php70w php70w-opcache
Loaded plugins: amazon-id, rhui-lb, search-disabled-repos
Resolving Dependencies
--> Running transaction check
---> Package httpd.x86_64 0:2.4.6-45.el7_3.4 will be installed
---> Package php70w.x86_64 0:7.0.19-1.w7 will be installed
--> Processing Dependency: php70w-common(x86-64) = 7.0.19-1.w7 for package: php70w-7.0.19-1.w7.x86_64
--> Processing Dependency: php70w-cli(x86-64) = 7.0.19-1.w7 for package: php70w-7.0.19-1.w7.x86_64
--> Processing Dependency: php70w-cli = 7.0.19-1.w7 for package: php70w-7.0.19-1.w7.x86_64
---> Package php70w-opcache.x86_64 0:7.0.19-1.w7 will be installed
--> Running transaction check
---> Package php70w-cli.x86_64 0:7.0.19-1.w7 will be installed
---> Package php70w-common.x86_64 0:7.0.19-1.w7 will be installed
--> Finished Dependency Resolution

Dependencies Resolved

=============================================================================================================================================================================================================================================
 Package                                               Arch                                          Version                                                   Repository                                                               Size
=============================================================================================================================================================================================================================================
Installing:
 httpd                                                 x86_64                                        2.4.6-45.el7_3.4                                          rhui-REGION-rhel-server-releases                                        1.2 M
 php70w                                                x86_64                                        7.0.19-1.w7                                               webtatic                                                                2.8 M
 php70w-opcache                                        x86_64                                        7.0.19-1.w7                                               webtatic                                                                129 k
Installing for dependencies:
 php70w-cli                                            x86_64                                        7.0.19-1.w7                                               webtatic                                                                2.9 M
 php70w-common                                         x86_64                                        7.0.19-1.w7                                               webtatic                                                                1.2 M

Transaction Summary
=============================================================================================================================================================================================================================================
Install  3 Packages (+2 Dependent packages)

Total download size: 8.2 M
Installed size: 31 M
Downloading packages:
(1/5): httpd-2.4.6-45.el7_3.4.x86_64.rpm                                                                                                                                                                              | 1.2 MB  00:00:00
warning: /var/cache/yum/x86_64/7Server/webtatic/packages/php70w-cli-7.0.19-1.w7.x86_64.rpm: Header V4 RSA/SHA1 Signature, key ID 62e74ca5: NOKEY                                                           ] 335 kB/s | 2.8 MB  00:00:16 ETA
Public key for php70w-cli-7.0.19-1.w7.x86_64.rpm is not installed
(2/5): php70w-cli-7.0.19-1.w7.x86_64.rpm                                                                                                                                                                              | 2.9 MB  00:00:03
(3/5): php70w-opcache-7.0.19-1.w7.x86_64.rpm                                                                                                                                                                          | 129 kB  00:00:03
(4/5): php70w-7.0.19-1.w7.x86_64.rpm                                                                                                                                                                                  | 2.8 MB  00:00:11
(5/5): php70w-common-7.0.19-1.w7.x86_64.rpm                                                                                                                                                                           | 1.2 MB  00:01:11
---------------------------------------------------------------------------------------------------------------------------------------------------------------------------------------------------------------------------------------------
Total                                                                                                                                                                                                        117 kB/s | 8.2 MB  00:01:11
Retrieving key from file:///etc/pki/rpm-gpg/RPM-GPG-KEY-webtatic-el7
Importing GPG key 0x62E74CA5:
 Userid     : "Webtatic EL7 <rpms@webtatic.com>"
 Fingerprint: 830d b159 6d9b 9b01 99dc 24a3 e87f d236 62e7 4ca5
 Package    : webtatic-release-7-3.noarch (installed)
 From       : /etc/pki/rpm-gpg/RPM-GPG-KEY-webtatic-el7
Running transaction check
Running transaction test
Transaction test succeeded
Running transaction
  Installing : php70w-common-7.0.19-1.w7.x86_64                                                                                                                                                                                          1/5
  Installing : php70w-cli-7.0.19-1.w7.x86_64                                                                                                                                                                                             2/5
  Installing : httpd-2.4.6-45.el7_3.4.x86_64                                                                                                                                                                                             3/5
  Installing : php70w-7.0.19-1.w7.x86_64                                                                                                                                                                                                 4/5
  Installing : php70w-opcache-7.0.19-1.w7.x86_64                                                                                                                                                                                         5/5
  Verifying  : php70w-common-7.0.19-1.w7.x86_64                                                                                                                                                                                          1/5
  Verifying  : php70w-7.0.19-1.w7.x86_64                                                                                                                                                                                                 2/5
  Verifying  : php70w-opcache-7.0.19-1.w7.x86_64                                                                                                                                                                                         3/5
  Verifying  : php70w-cli-7.0.19-1.w7.x86_64                                                                                                                                                                                             4/5
  Verifying  : httpd-2.4.6-45.el7_3.4.x86_64                                                                                                                                                                                             5/5

Installed:
  httpd.x86_64 0:2.4.6-45.el7_3.4                                               php70w.x86_64 0:7.0.19-1.w7                                               php70w-opcache.x86_64 0:7.0.19-1.w7

Dependency Installed:
  php70w-cli.x86_64 0:7.0.19-1.w7                                                                                     php70w-common.x86_64 0:7.0.19-1.w7

Complete!
[root@ip-172-31-10-180 ~]#
